2025-12-12 17:44:00 | DEBUG | repo=course-sys-int-osgi-seminar | action=commit
2025-09-26 15:39:00 | WARN | repo=course-sys-int-osgi-seminar | action=commit
2025-03-22 21:45:00 | INFO | repo=course-sys-int-osgi-seminar | action=test | passed=true
2025-12-11 07:43:00 | INFO | repo=course-sys-int-osgi-seminar | action=pull
2025-03-10 18:14:00 | INFO | repo=course-sys-int-osgi-seminar | action=test | passed=true
2025-04-07 20:00:00 | DEBUG | repo=course-sys-int-osgi-seminar | action=commit
2025-05-06 21:46:00 | WARN | repo=course-sys-int-osgi-seminar | action=commit
2025-02-27 19:25:00 | INFO | repo=course-sys-int-osgi-seminar | action=commit
2025-09-02 14:16:00 | WARN | repo=course-sys-int-osgi-seminar | action=edit | files=1
2025-05-25 07:50:00 | DEBUG | repo=course-sys-int-osgi-seminar | action=pull
2025-04-10 17:43:00 | DEBUG | repo=course-sys-int-osgi-seminar | action=commit
2025-11-22 19:39:00 | WARN | repo=course-sys-int-osgi-seminar | action=commit
2025-05-07 20:10:00 | WARN | repo=course-sys-int-osgi-seminar | action=edit | files=4
2025-05-18 19:26:00 | DEBUG | repo=course-sys-int-osgi-seminar | action=commit
2025-06-22 07:52:00 | DEBUG | repo=course-sys-int-osgi-seminar | action=commit
2025-12-08 08:51:00 | INFO | repo=course-sys-int-osgi-seminar | action=commit
2025-03-19 08:25:00 | INFO | repo=course-sys-int-osgi-seminar | action=commit
2025-03-19 08:11:00 | WARN | repo=course-sys-int-osgi-seminar | action=commit
2025-05-09 17:36:00 | INFO | repo=course-sys-int-osgi-seminar | action=commit
2025-06-08 18:48:00 | DEBUG | repo=course-sys-int-osgi-seminar | action=commit
2025-01-02 18:09:00 | INFO | repo=course-sys-int-osgi-seminar | action=test | passed=true
2025-12-06 11:50:00 | INFO | repo=course-sys-int-osgi-seminar | action=commit
2025-10-17 16:29:00 | DEBUG | repo=course-sys-int-osgi-seminar | action=test | passed=true
2025-12-11 10:13:00 | WARN | repo=course-sys-int-osgi-seminar | action=commit
2025-02-01 20:18:00 | INFO | repo=course-sys-int-osgi-seminar | action=commit
2025-10-20 20:41:00 | DEBUG | repo=course-sys-int-osgi-seminar | action=commit
2025-04-25 13:20:00 | WARN | repo=course-sys-int-osgi-seminar | action=edit | files=4
2025-04-01 15:27:00 | WARN | repo=course-sys-int-osgi-seminar | action=commit
2025-08-17 07:54:00 | INFO | repo=course-sys-int-osgi-seminar | action=commit
2025-07-11 07:31:00 | INFO | repo=course-sys-int-osgi-seminar | action=commit
2025-09-25 14:14:00 | WARN | repo=course-sys-int-osgi-seminar | action=commit
2025-11-13 08:47:00 | WARN | repo=course-sys-int-osgi-seminar | action=commit
2025-02-02 12:40:00 | INFO | repo=course-sys-int-osgi-seminar | action=commit
2025-05-18 20:38:00 | WARN | repo=course-sys-int-osgi-seminar | action=commit
2025-06-01 10:34:00 | INFO | repo=course-sys-int-osgi-seminar | action=commit
2025-01-01 07:34:00 | WARN | repo=course-sys-int-osgi-seminar | action=commit
2025-10-23 09:07:00 | WARN | repo=course-sys-int-osgi-seminar | action=commit
2025-06-05 20:27:00 | WARN | repo=course-sys-int-osgi-seminar | action=commit
2025-08-08 13:29:00 | DEBUG | repo=course-sys-int-osgi-seminar | action=commit
2025-02-17 14:46:00 | INFO | repo=course-sys-int-osgi-seminar | action=commit
2025-06-26 09:21:00 | INFO | repo=course-sys-int-osgi-seminar | action=commit
2025-01-21 18:45:00 | INFO | repo=course-sys-int-osgi-seminar | action=commit
2025-12-23 08:06:00 | DEBUG | repo=course-sys-int-osgi-seminar | action=commit
2025-08-25 08:32:00 | INFO | repo=course-sys-int-osgi-seminar | action=commit
2025-07-08 10:45:00 | INFO | repo=course-sys-int-osgi-seminar | action=commit
2025-07-03 08:09:00 | WARN | repo=course-sys-int-osgi-seminar | action=commit
2025-10-26 21:47:00 | DEBUG | repo=course-sys-int-osgi-seminar | action=commit
2025-03-01 08:28:00 | WARN | repo=course-sys-int-osgi-seminar | action=commit
2025-09-26 18:45:00 | DEBUG | repo=course-sys-int-osgi-seminar | action=commit
2025-06-26 19:33:00 | INFO | repo=course-sys-int-osgi-seminar | action=commit
2025-04-02 07:29:00 | DEBUG | repo=course-sys-int-osgi-seminar | action=commit
2025-09-21 09:13:00 | WARN | repo=course-sys-int-osgi-seminar | action=commit
2025-02-23 10:44:00 | DEBUG | repo=course-sys-int-osgi-seminar | action=commit
2025-12-14 11:07:00 | WARN | repo=course-sys-int-osgi-seminar | action=edit | files=5
2025-03-20 10:11:00 | DEBUG | repo=course-sys-int-osgi-seminar | action=test | passed=true
2025-04-24 11:07:00 | WARN | repo=course-sys-int-osgi-seminar | action=commit
2025-03-14 11:06:00 | INFO | repo=course-sys-int-osgi-seminar | action=commit
2025-10-01 15:07:00 | INFO | repo=course-sys-int-osgi-seminar | action=pull
2025-12-16 14:45:00 | WARN | repo=course-sys-int-osgi-seminar | action=commit
2025-03-12 18:26:00 | WARN | repo=course-sys-int-osgi-seminar | action=commit
2025-12-21 19:50:00 | WARN | repo=course-sys-int-osgi-seminar | action=commit
2025-02-26 21:13:00 | WARN | repo=course-sys-int-osgi-seminar | action=commit
